// Jest Snapshot v1, https://goo.gl/fbAQLP

exports[`throws when arguments are invalid 1`] = `"child \\"text\\" fails because [\\"text\\" is required]"`;
