// Jest Snapshot v1, https://goo.gl/fbAQLP

exports[`logs when unknown node name is found 1`] = `undefined`;
